// Jest Snapshot v1, https://goo.gl/fbAQLP

exports[`Item renders snapshot 1`] = `
<div
  className="item"
>
  <span
    style={
      Object {
        "width": "40%",
      }
    }
  >
    <a
      href="https://reactjs.org/"
    >
      React
    </a>
  </span>
  <span
    style={
      Object {
        "width": "30%",
      }
    }
  >
    Author: 
    Jordan Walke
  </span>
  <br />
  <span
    style={
      Object {
        "width": "10%",
      }
    }
  >
    Comments: 
    3
  </span>
  <br />
  <span
    style={
      Object {
        "width": "10%",
      }
    }
  >
    Points: 
    4
  </span>
  <br />
  <span
    style={
      Object {
        "width": "10%",
      }
    }
  >
    <button
      className="button buttonsmall"
      onClick={[Function]}
    >
      Dismiss Â 
      <svg
        height="18px"
        width="18px"
      >
        check.svg
      </svg>
    </button>
  </span>
</div>
`;
